// Jest Snapshot v1, https://goo.gl/fbAQLP

exports[`EditSideBar renders with props 1`] = `
<div
  className="side_container"
>
  <div
    className="questions_list_container"
  />
  <div
    className="add_button"
  >
    <button
      aria-label="add-question"
      className="MuiButtonBase-root MuiButton-root MuiButton-contained edit_button MuiButton-containedPrimary"
      disabled={false}
      onBlur={[Function]}
      onClick={[MockFunction]}
      onDragLeave={[Function]}
      onFocus={[Function]}
      onKeyDown={[Function]}
      onKeyUp={[Function]}
      onMouseDown={[Function]}
      onMouseLeave={[Function]}
      onMouseUp={[Function]}
      onTouchEnd={[Function]}
      onTouchMove={[Function]}
      onTouchStart={[Function]}
      tabIndex={0}
      type="button"
    >
      <span
        className="MuiButton-label"
      >
        +
      </span>
    </button>
  </div>
</div>
`;
